This is pdfTeX, Version 3.141592653-2.6-1.40.22 (TeX Live 2022/dev/Debian) (preloaded format=pdflatex 2026.1.30)  7 OCT 2026 20:56
entering extended mode
 restricted \write18 enabled.
 %&-line parsing enabled.
**zzn.tex
(./zzn.tex
LaTeX2e <2021-11-15> patch level 1
L3 programming layer <2022-01-21>
(/usr/share/texlive/texmf-dist/tex/latex/base/article.cls
Document Class: article 2021/10/04 v1.4n Standard LaTeX document class
(/usr/share/texlive/texmf-dist/tex/latex/base/size11.clo
File: size11.clo 2021/10/04 v1.4n Standard LaTeX file (size option)
)
\c@part=\count185
\c@section=\count186
\c@subsection=\count187
\c@subsubsection=\count188
\c@paragraph=\count189
\c@subparagraph=\count190
\c@figure=\count191
\c@table=\count192
\abovecaptionskip=\skip47
\belowcaptionskip=\skip48
\bibindent=\dimen138
)
(/usr/share/texlive/texmf-dist/tex/latex/geometry/geometry.sty
Package: geometry 2020/01/02 v5.9 Page Geometry

(/usr/share/texlive/texmf-dist/tex/latex/graphics/keyval.sty
Package: keyval 2014/10/28 v1.15 key=value parser (DPC)
\KV@toks@=\toks16
)
(/usr/share/texlive/texmf-dist/tex/generic/iftex/ifvtex.sty
Package: ifvtex 2019/10/25 v1.7 ifvtex legacy package. Use iftex instead.

(/usr/share/texlive/texmf-dist/tex/generic/iftex/iftex.sty
Package: iftex 2020/03/06 v1.0d TeX engine tests
))
\Gm@cnth=\count193
\Gm@cntv=\count194
\c@Gm@tempcnt=\count195
\Gm@bindingoffset=\dimen139
\Gm@wd@mp=\dimen140
\Gm@odd@mp=\dimen141
\Gm@even@mp=\dimen142
\Gm@layoutwidth=\dimen143
\Gm@layoutheight=\dimen144
\Gm@layouthoffset=\dimen145
\Gm@layoutvoffset=\dimen146
\Gm@dimlist=\toks17
)
(/usr/share/texlive/texmf-dist/tex/latex/amsmath/amsmath.sty
Package: amsmath 2021/10/15 v2.17l AMS math features
\@mathmargin=\skip49

For additional information on amsmath, use the `?' option.
(/usr/share/texlive/texmf-dist/tex/latex/amsmath/amstext.sty
Package: amstext 2021/08/26 v2.01 AMS text

(/usr/share/texlive/texmf-dist/tex/latex/amsmath/amsgen.sty
File: amsgen.sty 1999/11/30 v2.0 generic functions
\@emptytoks=\toks18
\ex@=\dimen147
))
(/usr/share/texlive/texmf-dist/tex/latex/amsmath/amsbsy.sty
Package: amsbsy 1999/11/29 v1.2d Bold Symbols
\pmbraise@=\dimen148
)
(/usr/share/texlive/texmf-dist/tex/latex/amsmath/amsopn.sty
Package: amsopn 2021/08/26 v2.02 operator names
)
\inf@bad=\count196
LaTeX Info: Redefining \frac on input line 234.
\uproot@=\count197
\leftroot@=\count198
LaTeX Info: Redefining \overline on input line 399.
\classnum@=\count199
\DOTSCASE@=\count266
LaTeX Info: Redefining \ldots on input line 496.
LaTeX Info: Redefining \dots on input line 499.
LaTeX Info: Redefining \cdots on input line 620.
\Mathstrutbox@=\box50
\strutbox@=\box51
\big@size=\dimen149
LaTeX Font Info:    Redeclaring font encoding OML on input line 743.
LaTeX Font Info:    Redeclaring font encoding OMS on input line 744.
\macc@depth=\count267
\c@MaxMatrixCols=\count268
\dotsspace@=\muskip16
\c@parentequation=\count269
\dspbrk@lvl=\count270
\tag@help=\toks19
\row@=\count271
\column@=\count272
\maxfields@=\count273
\andhelp@=\toks20
\eqnshift@=\dimen150
\alignsep@=\dimen151
\tagshift@=\dimen152
\tagwidth@=\dimen153
\totwidth@=\dimen154
\lineht@=\dimen155
\@envbody=\toks21
\multlinegap=\skip50
\multlinetaggap=\skip51
\mathdisplay@stack=\toks22
LaTeX Info: Redefining \[ on input line 2938.
LaTeX Info: Redefining \] on input line 2939.
)
(/usr/share/texlive/texmf-dist/tex/latex/amsfonts/amssymb.sty
Package: amssymb 2013/01/14 v3.01 AMS font symbols

(/usr/share/texlive/texmf-dist/tex/latex/amsfonts/amsfonts.sty
Package: amsfonts 2013/01/14 v3.01 Basic AMSFonts support
\symAMSa=\mathgroup4
\symAMSb=\mathgroup5
LaTeX Font Info:    Redeclaring math symbol \hbar on input line 98.
LaTeX Font Info:    Overwriting math alphabet `\mathfrak' in version `bold'
(Font)                  U/euf/m/n --> U/euf/b/n on input line 106.
))
(/usr/share/texlive/texmf-dist/tex/latex/amscls/amsthm.sty
Package: amsthm 2020/05/29 v2.20.6
\thm@style=\toks23
\thm@bodyfont=\toks24
\thm@headfont=\toks25
\thm@notefont=\toks26
\thm@headpunct=\toks27
\thm@preskip=\skip52
\thm@postskip=\skip53
\thm@headsep=\skip54
\dth@everypar=\toks28
)
(/usr/share/texlive/texmf-dist/tex/latex/graphics/graphicx.sty
Package: graphicx 2021/09/16 v1.2d Enhanced LaTeX Graphics (DPC,SPQR)

(/usr/share/texlive/texmf-dist/tex/latex/graphics/graphics.sty
Package: graphics 2021/03/04 v1.4d Standard LaTeX Graphics (DPC,SPQR)

(/usr/share/texlive/texmf-dist/tex/latex/graphics/trig.sty
Package: trig 2021/08/11 v1.11 sin cos tan (DPC)
)
(/usr/share/texlive/texmf-dist/tex/latex/graphics-cfg/graphics.cfg
File: graphics.cfg 2016/06/04 v1.11 sample graphics configuration
)
Package graphics Info: Driver file: pdftex.def on input line 107.

(/usr/share/texlive/texmf-dist/tex/latex/graphics-def/pdftex.def
File: pdftex.def 2020/10/05 v1.2a Graphics/color driver for pdftex
))
\Gin@req@height=\dimen156
\Gin@req@width=\dimen157
)
(/usr/share/texlive/texmf-dist/tex/latex/booktabs/booktabs.sty
Package: booktabs 2020/01/12 v1.61803398 Publication quality tables
\heavyrulewidth=\dimen158
\lightrulewidth=\dimen159
\cmidrulewidth=\dimen160
\belowrulesep=\dimen161
\belowbottomsep=\dimen162
\aboverulesep=\dimen163
\abovetopsep=\dimen164
\cmidrulesep=\dimen165
\cmidrulekern=\dimen166
\defaultaddspace=\dimen167
\@cmidla=\count274
\@cmidlb=\count275
\@aboverulesep=\dimen168
\@belowrulesep=\dimen169
\@thisruleclass=\count276
\@lastruleclass=\count277
\@thisrulewidth=\dimen170
)
(/usr/share/texlive/texmf-dist/tex/latex/algorithms/algorithm.sty
Package: algorithm 2009/08/24 v0.1 Document Style `algorithm' - floating enviro
nment

(/usr/share/texlive/texmf-dist/tex/latex/float/float.sty
Package: float 2001/11/08 v1.3d Float enhancements (AL)
\c@float@type=\count278
\float@exts=\toks29
\float@box=\box52
\@float@everytoks=\toks30
\@floatcapt=\box53
)
(/usr/share/texlive/texmf-dist/tex/latex/base/ifthen.sty
Package: ifthen 2020/11/24 v1.1c Standard LaTeX ifthen package (DPC)
)
\@float@every@algorithm=\toks31
\c@algorithm=\count279
)
(/usr/share/texlive/texmf-dist/tex/latex/algorithmicx/algpseudocode.sty
Package: algpseudocode 

(/usr/share/texlive/texmf-dist/tex/latex/algorithmicx/algorithmicx.sty
Package: algorithmicx 2005/04/27 v1.2 Algorithmicx

Document Style algorithmicx 1.2 - a greatly improved `algorithmic' style
\c@ALG@line=\count280
\c@ALG@rem=\count281
\c@ALG@nested=\count282
\ALG@tlm=\skip55
\ALG@thistlm=\skip56
\c@ALG@Lnr=\count283
\c@ALG@blocknr=\count284
\c@ALG@storecount=\count285
\c@ALG@tmpcounter=\count286
\ALG@tmplength=\skip57
)
Document Style - pseudocode environments for use with the `algorithmicx' style
) (/usr/share/texlive/texmf-dist/tex/latex/caption/subcaption.sty
Package: subcaption 2020/10/07 v1.3j Sub-captions (AR)

(/usr/share/texlive/texmf-dist/tex/latex/caption/caption.sty
Package: caption 2020/10/26 v3.5g Customizing captions (AR)

(/usr/share/texlive/texmf-dist/tex/latex/caption/caption3.sty
Package: caption3 2020/10/21 v2.2e caption3 kernel (AR)
\captionmargin=\dimen171
\captionmargin@=\dimen172
\captionwidth=\dimen173
\caption@tempdima=\dimen174
\caption@indent=\dimen175
\caption@parindent=\dimen176
\caption@hangindent=\dimen177
Package caption Info: Standard document class detected.
)
\c@caption@flags=\count287
\c@continuedfloat=\count288
Package caption Info: float package is loaded.
)
\c@subfigure=\count289
\c@subtable=\count290
)
(/usr/share/texlive/texmf-dist/tex/latex/hyperref/hyperref.sty
Package: hyperref 2021-06-07 v7.00m Hypertext links for LaTeX

(/usr/share/texlive/texmf-dist/tex/generic/ltxcmds/ltxcmds.sty
Package: ltxcmds 2020-05-10 v1.25 LaTeX kernel commands for general use (HO)
)
(/usr/share/texlive/texmf-dist/tex/generic/pdftexcmds/pdftexcmds.sty
Package: pdftexcmds 2020-06-27 v0.33 Utility functions of pdfTeX for LuaTeX (HO
)

(/usr/share/texlive/texmf-dist/tex/generic/infwarerr/infwarerr.sty
Package: infwarerr 2019/12/03 v1.5 Providing info/warning/error messages (HO)
)
Package pdftexcmds Info: \pdf@primitive is available.
Package pdftexcmds Info: \pdf@ifprimitive is available.
Package pdftexcmds Info: \pdfdraftmode found.
)
(/usr/share/texlive/texmf-dist/tex/generic/kvsetkeys/kvsetkeys.sty
Package: kvsetkeys 2019/12/15 v1.18 Key value parser (HO)
)
(/usr/share/texlive/texmf-dist/tex/generic/kvdefinekeys/kvdefinekeys.sty
Package: kvdefinekeys 2019-12-19 v1.6 Define keys (HO)
)
(/usr/share/texlive/texmf-dist/tex/generic/pdfescape/pdfescape.sty
Package: pdfescape 2019/12/09 v1.15 Implements pdfTeX's escape features (HO)
)
(/usr/share/texlive/texmf-dist/tex/latex/hycolor/hycolor.sty
Package: hycolor 2020-01-27 v1.10 Color options for hyperref/bookmark (HO)
)
(/usr/share/texlive/texmf-dist/tex/latex/letltxmacro/letltxmacro.sty
Package: letltxmacro 2019/12/03 v1.6 Let assignment for LaTeX macros (HO)
)
(/usr/share/texlive/texmf-dist/tex/latex/auxhook/auxhook.sty
Package: auxhook 2019-12-17 v1.6 Hooks for auxiliary files (HO)
)
(/usr/share/texlive/texmf-dist/tex/latex/kvoptions/kvoptions.sty
Package: kvoptions 2020-10-07 v3.14 Key value format for package options (HO)
)
\@linkdim=\dimen178
\Hy@linkcounter=\count291
\Hy@pagecounter=\count292

(/usr/share/texlive/texmf-dist/tex/latex/hyperref/pd1enc.def
File: pd1enc.def 2021-06-07 v7.00m Hyperref: PDFDocEncoding definition (HO)
Now handling font encoding PD1 ...
... no UTF-8 mapping file for font encoding PD1
)
(/usr/share/texlive/texmf-dist/tex/latex/hyperref/hyperref-langpatches.def
File: hyperref-langpatches.def 2021-06-07 v7.00m Hyperref: patches for babel la
nguages
)
(/usr/share/texlive/texmf-dist/tex/generic/intcalc/intcalc.sty
Package: intcalc 2019/12/15 v1.3 Expandable calculations with integers (HO)
)
(/usr/share/texlive/texmf-dist/tex/generic/etexcmds/etexcmds.sty
Package: etexcmds 2019/12/15 v1.7 Avoid name clashes with e-TeX commands (HO)
)
\Hy@SavedSpaceFactor=\count293

(/usr/share/texlive/texmf-dist/tex/latex/hyperref/puenc.def
File: puenc.def 2021-06-07 v7.00m Hyperref: PDF Unicode definition (HO)
Now handling font encoding PU ...
... no UTF-8 mapping file for font encoding PU
)
Package hyperref Info: Hyper figures OFF on input line 4192.
Package hyperref Info: Link nesting OFF on input line 4197.
Package hyperref Info: Hyper index ON on input line 4200.
Package hyperref Info: Plain pages OFF on input line 4207.
Package hyperref Info: Backreferencing OFF on input line 4212.
Package hyperref Info: Implicit mode ON; LaTeX internals redefined.
Package hyperref Info: Bookmarks ON on input line 4445.
\c@Hy@tempcnt=\count294

(/usr/share/texlive/texmf-dist/tex/latex/url/url.sty
\Urlmuskip=\muskip17
Package: url 2013/09/16  ver 3.4  Verb mode for urls, etc.
)
LaTeX Info: Redefining \url on input line 4804.
\XeTeXLinkMargin=\dimen179

(/usr/share/texlive/texmf-dist/tex/generic/bitset/bitset.sty
Package: bitset 2019/12/09 v1.3 Handle bit-vector datatype (HO)

(/usr/share/texlive/texmf-dist/tex/generic/bigintcalc/bigintcalc.sty
Package: bigintcalc 2019/12/15 v1.5 Expandable calculations on big integers (HO
)
))
\Fld@menulength=\count295
\Field@Width=\dimen180
\Fld@charsize=\dimen181
Package hyperref Info: Hyper figures OFF on input line 6076.
Package hyperref Info: Link nesting OFF on input line 6081.
Package hyperref Info: Hyper index ON on input line 6084.
Package hyperref Info: backreferencing OFF on input line 6091.
Package hyperref Info: Link coloring OFF on input line 6096.
Package hyperref Info: Link coloring with OCG OFF on input line 6101.
Package hyperref Info: PDF/A mode OFF on input line 6106.
LaTeX Info: Redefining \ref on input line 6146.
LaTeX Info: Redefining \pageref on input line 6150.

(/usr/share/texlive/texmf-dist/tex/latex/base/atbegshi-ltx.sty
Package: atbegshi-ltx 2021/01/10 v1.0c Emulation of the original atbegshi
package with kernel methods
)
\Hy@abspage=\count296
\c@Item=\count297
\c@Hfootnote=\count298
)
Package hyperref Info: Driver (autodetected): hpdftex.

(/usr/share/texlive/texmf-dist/tex/latex/hyperref/hpdftex.def
File: hpdftex.def 2021-06-07 v7.00m Hyperref driver for pdfTeX

(/usr/share/texlive/texmf-dist/tex/latex/base/atveryend-ltx.sty
Package: atveryend-ltx 2020/08/19 v1.0a Emulation of the original atveryend pac
kage
with kernel methods
)
\Fld@listcount=\count299
\c@bookmark@seq@number=\count300

(/usr/share/texlive/texmf-dist/tex/latex/rerunfilecheck/rerunfilecheck.sty
Package: rerunfilecheck 2019/12/05 v1.9 Rerun checks for auxiliary files (HO)

(/usr/share/texlive/texmf-dist/tex/generic/uniquecounter/uniquecounter.sty
Package: uniquecounter 2019/12/15 v1.4 Provide unlimited unique counter (HO)
)
Package uniquecounter Info: New unique counter `rerunfilecheck' on input line 2
86.
)
\Hy@SectionHShift=\skip58
)
(/usr/share/texlive/texmf-dist/tex/latex/tools/xspace.sty
Package: xspace 2014/10/28 v1.13 Space after command names (DPC,MH)
)
\c@theorem=\count301

(/usr/share/texlive/texmf-dist/tex/latex/l3backend/l3backend-pdftex.def
File: l3backend-pdftex.def 2022-01-12 L3 backend support: PDF output (pdfTeX)
\l__color_backend_stack_int=\count302
\l__pdf_internal_box=\box54
)
(build/zzn.aux)
\openout1 = `zzn.aux'.

LaTeX Font Info:    Checking defaults for OML/cmm/m/it on input line 37.
LaTeX Font Info:    ... okay on input line 37.
LaTeX Font Info:    Checking defaults for OMS/cmsy/m/n on input line 37.
LaTeX Font Info:    ... okay on input line 37.
LaTeX Font Info:    Checking defaults for OT1/cmr/m/n on input line 37.
LaTeX Font Info:    ... okay on input line 37.
LaTeX Font Info:    Checking defaults for T1/cmr/m/n on input line 37.
LaTeX Font Info:    ... okay on input line 37.
LaTeX Font Info:    Checking defaults for TS1/cmr/m/n on input line 37.
LaTeX Font Info:    ... okay on input line 37.
LaTeX Font Info:    Checking defaults for OMX/cmex/m/n on input line 37.
LaTeX Font Info:    ... okay on input line 37.
LaTeX Font Info:    Checking defaults for U/cmr/m/n on input line 37.
LaTeX Font Info:    ... okay on input line 37.
LaTeX Font Info:    Checking defaults for PD1/pdf/m/n on input line 37.
LaTeX Font Info:    ... okay on input line 37.
LaTeX Font Info:    Checking defaults for PU/pdf/m/n on input line 37.
LaTeX Font Info:    ... okay on input line 37.

*geometry* driver: auto-detecting
*geometry* detected driver: pdftex
*geometry* verbose mode - [ preamble ] result:
* driver: pdftex
* paper: <default>
* layout: <same size as paper>
* layoutoffset:(h,v)=(0.0pt,0.0pt)
* modes: 
* h-part:(L,W,R)=(72.26999pt, 469.75502pt, 72.26999pt)
* v-part:(T,H,B)=(72.26999pt, 650.43001pt, 72.26999pt)
* \paperwidth=614.295pt
* \paperheight=794.96999pt
* \textwidth=469.75502pt
* \textheight=650.43001pt
* \oddsidemargin=0.0pt
* \evensidemargin=0.0pt
* \topmargin=-37.0pt
* \headheight=12.0pt
* \headsep=25.0pt
* \topskip=11.0pt
* \footskip=30.0pt
* \marginparwidth=59.0pt
* \marginparsep=10.0pt
* \columnsep=10.0pt
* \skip\footins=10.0pt plus 4.0pt minus 2.0pt
* \hoffset=0.0pt
* \voffset=0.0pt
* \mag=1000
* \@twocolumnfalse
* \@twosidefalse
* \@mparswitchfalse
* \@reversemarginfalse
* (1in=72.27pt=25.4mm, 1cm=28.453pt)

(/usr/share/texlive/texmf-dist/tex/context/base/mkii/supp-pdf.mkii
[Loading MPS to PDF converter (version 2006.09.02).]
\scratchcounter=\count303
\scratchdimen=\dimen182
\scratchbox=\box55
\nofMPsegments=\count304
\nofMParguments=\count305
\everyMPshowfont=\toks32
\MPscratchCnt=\count306
\MPscratchDim=\dimen183
\MPnumerator=\count307
\makeMPintoPDFobject=\count308
\everyMPtoPDFconversion=\toks33
) (/usr/share/texlive/texmf-dist/tex/latex/epstopdf-pkg/epstopdf-base.sty
Package: epstopdf-base 2020-01-24 v2.11 Base part for package epstopdf
Package epstopdf-base Info: Redefining graphics rule for `.eps' on input line 4
85.

(/usr/share/texlive/texmf-dist/tex/latex/latexconfig/epstopdf-sys.cfg
File: epstopdf-sys.cfg 2010/07/13 v1.3 Configuration of (r)epstopdf for TeX Liv
e
))
Package caption Info: Begin \AtBeginDocument code.
Package caption Info: hyperref package is loaded.
Package caption Info: End \AtBeginDocument code.
Package hyperref Info: Link coloring OFF on input line 37.

(/usr/share/texlive/texmf-dist/tex/latex/hyperref/nameref.sty
Package: nameref 2021-04-02 v2.47 Cross-referencing by name of section

(/usr/share/texlive/texmf-dist/tex/latex/refcount/refcount.sty
Package: refcount 2019/12/15 v3.6 Data extraction from label references (HO)
)
(/usr/share/texlive/texmf-dist/tex/generic/gettitlestring/gettitlestring.sty
Package: gettitlestring 2019/12/15 v1.6 Cleanup title references (HO)
)
\c@section@level=\count309
)
LaTeX Info: Redefining \ref on input line 37.
LaTeX Info: Redefining \pageref on input line 37.
LaTeX Info: Redefining \nameref on input line 37.

(build/zzn.out) (build/zzn.out)
\@outlinefile=\write3
\openout3 = `zzn.out'.

LaTeX Font Info:    Trying to load font information for U+msa on input line 39.


(/usr/share/texlive/texmf-dist/tex/latex/amsfonts/umsa.fd
File: umsa.fd 2013/01/14 v3.01 AMS symbols A
)
LaTeX Font Info:    Trying to load font information for U+msb on input line 39.


(/usr/share/texlive/texmf-dist/tex/latex/amsfonts/umsb.fd
File: umsb.fd 2013/01/14 v3.01 AMS symbols B
)
<figures/splash_instance.pdf, id=78, 201.75375pt x 164.11313pt>
File: figures/splash_instance.pdf Graphic file (type pdf)
<use figures/splash_instance.pdf>
Package pdftex.def Info: figures/splash_instance.pdf  used on input line 77.
(pdftex.def)             Requested size: 150.32504pt x 122.2807pt.
<figures/splash_solution.pdf, id=79, 201.75375pt x 164.11313pt>
File: figures/splash_solution.pdf Graphic file (type pdf)
<use figures/splash_solution.pdf>
Package pdftex.def Info: figures/splash_solution.pdf  used on input line 78.
(pdftex.def)             Requested size: 150.32504pt x 122.2807pt.
<figures/splash_unsolvable.pdf, id=80, 201.75375pt x 177.66376pt>
File: figures/splash_unsolvable.pdf Graphic file (type pdf)
<use figures/splash_unsolvable.pdf>
Package pdftex.def Info: figures/splash_unsolvable.pdf  used on input line 79.
(pdftex.def)             Requested size: 150.32504pt x 132.37727pt.
 [1

{/var/lib/texmf/fonts/map/pdftex/updmap/pdftex.map}] [2 <./figures/splash_insta
nce.pdf> <./figures/splash_solution.pdf

pdfTeX warning: pdflatex (file ./figures/splash_solution.pdf): PDF inclusion: m
ultiple pdfs with page group included in a single page
> <./figures/splash_unsolvable.pdf

pdfTeX warning: pdflatex (file ./figures/splash_unsolvable.pdf): PDF inclusion:
 multiple pdfs with page group included in a single page
>]
<figures/def_gaps.pdf, id=154, 105.39375pt x 194.22563pt>
File: figures/def_gaps.pdf Graphic file (type pdf)
<use figures/def_gaps.pdf>
Package pdftex.def Info: figures/def_gaps.pdf  used on input line 146.
(pdftex.def)             Requested size: 80.28662pt x 147.95424pt.
<figures/def_sigma.pdf, id=155, 138.5175pt x 129.48375pt>
File: figures/def_sigma.pdf Graphic file (type pdf)
<use figures/def_sigma.pdf>
Package pdftex.def Info: figures/def_sigma.pdf  used on input line 149.
(pdftex.def)             Requested size: 106.5362pt x 99.58464pt.
<figures/def_ips_yes.pdf, id=156, 118.94438pt x 115.93312pt>
File: figures/def_ips_yes.pdf Graphic file (type pdf)
<use figures/def_ips_yes.pdf>
Package pdftex.def Info: figures/def_ips_yes.pdf  used on input line 152.
(pdftex.def)             Requested size: 84.65799pt x 82.51282pt.
<figures/def_ips_no.pdf, id=157, 118.94438pt x 115.93312pt>
File: figures/def_ips_no.pdf Graphic file (type pdf)
<use figures/def_ips_no.pdf>
Package pdftex.def Info: figures/def_ips_no.pdf  used on input line 155.
(pdftex.def)             Requested size: 84.65799pt x 82.51282pt.
<figures/def_cut.pdf, id=158, 170.13562pt x 137.01187pt>
File: figures/def_cut.pdf Graphic file (type pdf)
<use figures/def_cut.pdf>
Package pdftex.def Info: figures/def_cut.pdf  used on input line 160.
(pdftex.def)             Requested size: 127.1964pt x 102.43008pt.
<figures/def_piece_left.pdf, id=159, 54.2025pt x 137.01187pt>
File: figures/def_piece_left.pdf Graphic file (type pdf)
<use figures/def_piece_left.pdf>
Package pdftex.def Info: figures/def_piece_left.pdf  used on input line 163.
(pdftex.def)             Requested size: 40.52274pt x 102.43008pt.
<figures/def_piece_right.pdf, id=160, 137.01187pt x 137.01187pt>
File: figures/def_piece_right.pdf Graphic file (type pdf)
<use figures/def_piece_right.pdf>
Package pdftex.def Info: figures/def_piece_right.pdf  used on input line 166.
(pdftex.def)             Requested size: 102.43251pt x 102.43008pt.
 [3] [4 <./figures/def_gaps.pdf> <./figures/def_sigma.pdf

pdfTeX warning: pdflatex (file ./figures/def_sigma.pdf): PDF inclusion: multipl
e pdfs with page group included in a single page
> <./figures/def_ips_yes.pdf

pdfTeX warning: pdflatex (file ./figures/def_ips_yes.pdf): PDF inclusion: multi
ple pdfs with page group included in a single page
> <./figures/def_ips_no.pdf

pdfTeX warning: pdflatex (file ./figures/def_ips_no.pdf): PDF inclusion: multip
le pdfs with page group included in a single page
> <./figures/def_cut.pdf

pdfTeX warning: pdflatex (file ./figures/def_cut.pdf): PDF inclusion: multiple 
pdfs with page group included in a single page
> <./figures/def_piece_left.pdf

pdfTeX warning: pdflatex (file ./figures/def_piece_left.pdf): PDF inclusion: mu
ltiple pdfs with page group included in a single page
> <./figures/def_piece_right.pdf

pdfTeX warning: pdflatex (file ./figures/def_piece_right.pdf): PDF inclusion: m
ultiple pdfs with page group included in a single page
>] [5]
<figures/cat_T1.pdf, id=290, 158.09062pt x 135.50626pt>
File: figures/cat_T1.pdf Graphic file (type pdf)
<use figures/cat_T1.pdf>
Package pdftex.def Info: figures/cat_T1.pdf  used on input line 321.
(pdftex.def)             Requested size: 109.54579pt x 93.89418pt.
<figures/cat_T2.pdf, id=291, 120.45pt x 120.45pt>
File: figures/cat_T2.pdf Graphic file (type pdf)
<use figures/cat_T2.pdf>
Package pdftex.def Info: figures/cat_T2.pdf  used on input line 322.
(pdftex.def)             Requested size: 93.89731pt x 93.89418pt.
<figures/cat_L2.pdf, id=292, 118.94438pt x 115.93312pt>
File: figures/cat_L2.pdf Graphic file (type pdf)
<use figures/cat_L2.pdf>
Package pdftex.def Info: figures/cat_L2.pdf  used on input line 323.
(pdftex.def)             Requested size: 87.57642pt x 85.35826pt.
<figures/cat_L6.pdf, id=293, 138.5175pt x 115.93312pt>
File: figures/cat_L6.pdf Graphic file (type pdf)
<use figures/cat_L6.pdf>
Package pdftex.def Info: figures/cat_L6.pdf  used on input line 326.
(pdftex.def)             Requested size: 101.98773pt x 85.35826pt.
<figures/cat_B.pdf, id=294, 183.68625pt x 200.24812pt>
File: figures/cat_B.pdf Graphic file (type pdf)
<use figures/cat_B.pdf>
Package pdftex.def Info: figures/cat_B.pdf  used on input line 327.
(pdftex.def)             Requested size: 120.0645pt x 130.88284pt.
<figures/rule_R1.pdf, id=295, 121.95563pt x 138.5175pt>
File: figures/rule_R1.pdf Graphic file (type pdf)
<use figures/rule_R1.pdf>
Package pdftex.def Info: figures/rule_R1.pdf  used on input line 338.
(pdftex.def)             Requested size: 65.13115pt x 73.97733pt.
<figures/rule_R2.pdf, id=296, 121.95563pt x 138.5175pt>
File: figures/rule_R2.pdf Graphic file (type pdf)
<use figures/rule_R2.pdf>
Package pdftex.def Info: figures/rule_R2.pdf  used on input line 341.
(pdftex.def)             Requested size: 65.13115pt x 73.97733pt.
<figures/rule_R3.pdf, id=297, 121.95563pt x 138.5175pt>
File: figures/rule_R3.pdf Graphic file (type pdf)
<use figures/rule_R3.pdf>
Package pdftex.def Info: figures/rule_R3.pdf  used on input line 344.
(pdftex.def)             Requested size: 65.13115pt x 73.97733pt.
<figures/r_example1.pdf, id=298, 183.68625pt x 186.6975pt>
File: figures/r_example1.pdf Graphic file (type pdf)
<use figures/r_example1.pdf>
Package pdftex.def Info: figures/r_example1.pdf  used on input line 347.
(pdftex.def)             Requested size: 117.43875pt x 119.36633pt.
<figures/r_example2.pdf, id=299, 183.68625pt x 186.6975pt>
File: figures/r_example2.pdf Graphic file (type pdf)
<use figures/r_example2.pdf>
Package pdftex.def Info: figures/r_example2.pdf  used on input line 350.
(pdftex.def)             Requested size: 117.43875pt x 119.36633pt.
 [6] [7 <./figures/cat_T1.pdf> <./figures/cat_T2.pdf

pdfTeX warning: pdflatex (file ./figures/cat_T2.pdf): PDF inclusion: multiple p
dfs with page group included in a single page
> <./figures/cat_L2.pdf

pdfTeX warning: pdflatex (file ./figures/cat_L2.pdf): PDF inclusion: multiple p
dfs with page group included in a single page
> <./figures/cat_L6.pdf

pdfTeX warning: pdflatex (file ./figures/cat_L6.pdf): PDF inclusion: multiple p
dfs with page group included in a single page
> <./figures/cat_B.pdf

pdfTeX warning: pdflatex (file ./figures/cat_B.pdf): PDF inclusion: multiple pd
fs with page group included in a single page
>]
<figures/band_before.pdf, id=356, 197.23688pt x 155.07938pt>
File: figures/band_before.pdf Graphic file (type pdf)
<use figures/band_before.pdf>
Package pdftex.def Info: figures/band_before.pdf  used on input line 420.
(pdftex.def)             Requested size: 115.79991pt x 91.04872pt.
<figures/band_after.pdf, id=357, 197.23688pt x 194.22563pt>
File: figures/band_after.pdf Graphic file (type pdf)
<use figures/band_after.pdf>
Package pdftex.def Info: figures/band_after.pdf  used on input line 421.
(pdftex.def)             Requested size: 109.7988pt x 108.12054pt.
<figures/move_strip.pdf, id=358, 120.45pt x 186.6975pt>
File: figures/move_strip.pdf Graphic file (type pdf)
<use figures/move_strip.pdf>
Package pdftex.def Info: figures/move_strip.pdf  used on input line 430.
(pdftex.def)             Requested size: 78.93298pt x 122.34692pt.
<figures/move_13.pdf, id=359, 120.45pt x 186.6975pt>
File: figures/move_13.pdf Graphic file (type pdf)
<use figures/move_13.pdf>
Package pdftex.def Info: figures/move_13.pdf  used on input line 431.
(pdftex.def)             Requested size: 78.93298pt x 122.34692pt.
<figures/move_cross.pdf, id=360, 120.45pt x 186.6975pt>
File: figures/move_cross.pdf Graphic file (type pdf)
<use figures/move_cross.pdf>
Package pdftex.def Info: figures/move_cross.pdf  used on input line 432.
(pdftex.def)             Requested size: 78.93298pt x 122.34692pt.
<figures/move_same.pdf, id=361, 120.45pt x 186.6975pt>
File: figures/move_same.pdf Graphic file (type pdf)
<use figures/move_same.pdf>
Package pdftex.def Info: figures/move_same.pdf  used on input line 433.
(pdftex.def)             Requested size: 78.93298pt x 122.34692pt.
<figures/move_exc.pdf, id=362, 120.45pt x 186.6975pt>
File: figures/move_exc.pdf Graphic file (type pdf)
<use figures/move_exc.pdf>
Package pdftex.def Info: figures/move_exc.pdf  used on input line 434.
(pdftex.def)             Requested size: 78.93298pt x 122.34692pt.
 [8 <./figures/rule_R1.pdf> <./figures/rule_R2.pdf

pdfTeX warning: pdflatex (file ./figures/rule_R2.pdf): PDF inclusion: multiple 
pdfs with page group included in a single page
> <./figures/rule_R3.pdf

pdfTeX warning: pdflatex (file ./figures/rule_R3.pdf): PDF inclusion: multiple 
pdfs with page group included in a single page
> <./figures/r_example1.pdf

pdfTeX warning: pdflatex (file ./figures/r_example1.pdf): PDF inclusion: multip
le pdfs with page group included in a single page
> <./figures/r_example2.pdf

pdfTeX warning: pdflatex (file ./figures/r_example2.pdf): PDF inclusion: multip
le pdfs with page group included in a single page
> <./figures/band_before.pdf

pdfTeX warning: pdflatex (file ./figures/band_before.pdf): PDF inclusion: multi
ple pdfs with page group included in a single page
> <./figures/band_after.pdf

pdfTeX warning: pdflatex (file ./figures/band_after.pdf): PDF inclusion: multip
le pdfs with page group included in a single page
>]
Package hyperref Info: bookmark level for unknown algorithm defaults to 0 on in
put line 466.
<figures/ex_0.pdf, id=670, 206.27063pt x 254.45062pt>
File: figures/ex_0.pdf Graphic file (type pdf)
<use figures/ex_0.pdf>
Package pdftex.def Info: figures/ex_0.pdf  used on input line 547.
(pdftex.def)             Requested size: 101.4858pt x 125.19194pt.
<figures/ex_4.pdf, id=671, 170.13562pt x 200.24812pt>
File: figures/ex_4.pdf Graphic file (type pdf)
<use figures/ex_4.pdf>
Package pdftex.def Info: figures/ex_4.pdf  used on input line 548.
(pdftex.def)             Requested size: 96.69792pt x 113.81102pt.
<figures/ex_final.pdf, id=672, 197.23688pt x 254.45062pt>
File: figures/ex_final.pdf Graphic file (type pdf)
<use figures/ex_final.pdf>
Package pdftex.def Info: figures/ex_final.pdf  used on input line 549.
(pdftex.def)             Requested size: 97.04115pt x 125.19194pt.
 [9 <./figures/move_strip.pdf> <./figures/move_13.pdf

pdfTeX warning: pdflatex (file ./figures/move_13.pdf): PDF inclusion: multiple 
pdfs with page group included in a single page
> <./figures/move_cross.pdf

pdfTeX warning: pdflatex (file ./figures/move_cross.pdf): PDF inclusion: multip
le pdfs with page group included in a single page
> <./figures/move_same.pdf

pdfTeX warning: pdflatex (file ./figures/move_same.pdf): PDF inclusion: multipl
e pdfs with page group included in a single page
> <./figures/move_exc.pdf

pdfTeX warning: pdflatex (file ./figures/move_exc.pdf): PDF inclusion: multiple
 pdfs with page group included in a single page
>] [10] [11 <./figures/ex_0.pdf> <./figures/ex_4.pdf

pdfTeX warning: pdflatex (file ./figures/ex_4.pdf): PDF inclusion: multiple pdf
s with page group included in a single page
> <./figures/ex_final.pdf

pdfTeX warning: pdflatex (file ./figures/ex_final.pdf): PDF inclusion: multiple
 pdfs with page group included in a single page
>] [12] (build/zzn.bbl) [13]
<figures/plugdp_frontier.pdf, id=787, 189.70876pt x 143.03438pt>
File: figures/plugdp_frontier.pdf Graphic file (type pdf)
<use figures/plugdp_frontier.pdf>
Package pdftex.def Info: figures/plugdp_frontier.pdf  used on input line 673.
(pdftex.def)             Requested size: 120.75897pt x 91.04872pt.
 [14 <./figures/plugdp_frontier.pdf>]
LaTeX Font Info:    Trying to load font information for OMS+cmr on input line 7
70.

(/usr/share/texlive/texmf-dist/tex/latex/base/omscmr.fd
File: omscmr.fd 2019/12/16 v2.5j Standard LaTeX font definitions
)
LaTeX Font Info:    Font shape `OMS/cmr/m/n' in size <10.95> not available
(Font)              Font shape `OMS/cmsy/m/n' tried instead on input line 770.
 [15] [16]
(build/zzn.aux)
Package rerunfilecheck Info: File `zzn.out' has not changed.
(rerunfilecheck)             Checksum: 949C094AD5DF286074BADF009D2CB8F5;2409.
 ) 
Here is how much of TeX's memory you used:
 12489 strings out of 480171
 200970 string characters out of 5894489
 496247 words of memory out of 5000000
 30145 multiletter control sequences out of 15000+600000
 485066 words of font info for 88 fonts, out of 8000000 for 9000
 59 hyphenation exceptions out of 8191
 67i,14n,77p,1192b,493s stack positions out of 5000i,500n,10000p,200000b,80000s
{/usr/share/texmf/fonts/enc/dvips/cm-super/cm-super-ts1.enc}</usr/share/texli
ve/texmf-dist/fonts/type1/public/amsfonts/cm/cmbx10.pfb></usr/share/texlive/tex
mf-dist/fonts/type1/public/amsfonts/cm/cmbx12.pfb></usr/share/texlive/texmf-dis
t/fonts/type1/public/amsfonts/cm/cmcsc10.pfb></usr/share/texlive/texmf-dist/fon
ts/type1/public/amsfonts/cm/cmex10.pfb></usr/share/texlive/texmf-dist/fonts/typ
e1/public/amsfonts/cm/cmitt10.pfb></usr/share/texlive/texmf-dist/fonts/type1/pu
blic/amsfonts/cm/cmmi10.pfb></usr/share/texlive/texmf-dist/fonts/type1/public/a
msfonts/cm/cmmi8.pfb></usr/share/texlive/texmf-dist/fonts/type1/public/amsfonts
/cm/cmr10.pfb></usr/share/texlive/texmf-dist/fonts/type1/public/amsfonts/cm/cmr
12.pfb></usr/share/texlive/texmf-dist/fonts/type1/public/amsfonts/cm/cmr17.pfb>
</usr/share/texlive/texmf-dist/fonts/type1/public/amsfonts/cm/cmr8.pfb></usr/sh
are/texlive/texmf-dist/fonts/type1/public/amsfonts/cm/cmr9.pfb></usr/share/texl
ive/texmf-dist/fonts/type1/public/amsfonts/cm/cmss10.pfb></usr/share/texlive/te
xmf-dist/fonts/type1/public/amsfonts/cm/cmssbx10.pfb></usr/share/texlive/texmf-
dist/fonts/type1/public/amsfonts/cm/cmsy10.pfb></usr/share/texlive/texmf-dist/f
onts/type1/public/amsfonts/cm/cmsy8.pfb></usr/share/texlive/texmf-dist/fonts/ty
pe1/public/amsfonts/cm/cmti10.pfb></usr/share/texlive/texmf-dist/fonts/type1/pu
blic/amsfonts/cm/cmtt10.pfb></usr/share/texlive/texmf-dist/fonts/type1/public/a
msfonts/cm/cmtt9.pfb></usr/share/texmf/fonts/type1/public/cm-super/sfrm0600.pfb
></usr/share/texmf/fonts/type1/public/cm-super/sfrm0800.pfb></usr/share/texmf/f
onts/type1/public/cm-super/sfrm1095.pfb>
Output written on build/zzn.pdf (16 pages, 536158 bytes).
PDF statistics:
 928 PDF objects out of 1000 (max. 8388607)
 712 compressed objects within 8 object streams
 89 named destinations out of 1000 (max. 500000)
 300 words of extra memory for PDF output out of 10000 (max. 10000000)

